// Jest Snapshot v1, https://goo.gl/fbAQLP

exports[`OverlayTrigger: render should properly render component with props 1`] = `
<div
  className="ui-overlay-trigger"
>
  <div
    className="ui-overlay-trigger__content"
  >
    <div
      onMouseOut={[Function]}
      onMouseOver={[Function]}
    >
      <div
        className="test-child"
      />
    </div>
    <div
      active={false}
      className="test-toogle-element"
      onCloseButtonClick={[Function]}
      triggerAction="hover"
    />
  </div>
</div>
`;
